
> backend@0.1.0 synth
> cdk synth

C:\Users\Lenovo IP3\projects\ViktorijaKorlevska\backend\node_modules\aws-cdk-lib\aws-s3-assets\lib\asset.js:1
"use strict";Object.defineProperty(exports,"__esModule",{value:!0}),exports.Asset=void 0;var jsiiDeprecationWarnings=()=>{var tmp=require("../../.warnings.jsii.js");return jsiiDeprecationWarnings=()=>tmp,tmp};const JSII_RTTI_SYMBOL_1=Symbol.for("jsii.rtti");var path=()=>{var tmp=require("path");return path=()=>tmp,tmp},constructs_1=()=>{var tmp=require("constructs");return constructs_1=()=>tmp,tmp},compat_1=()=>{var tmp=require("./compat");return compat_1=()=>tmp,tmp},kms=()=>{var tmp=require("../../aws-kms");return kms=()=>tmp,tmp},s3=()=>{var tmp=require("../../aws-s3");return s3=()=>tmp,tmp},cdk=()=>{var tmp=require("../../core");return cdk=()=>tmp,tmp},errors_1=()=>{var tmp=require("../../core/lib/errors");return errors_1=()=>tmp,tmp},cxapi=()=>{var tmp=require("../../cx-api");return cxapi=()=>tmp,tmp};class Asset extends constructs_1().Construct{static[JSII_RTTI_SYMBOL_1]={fqn:"aws-cdk-lib.aws_s3_assets.Asset",version:"2.237.0"};s3BucketName;s3ObjectKey;s3Url;httpUrl;s3ObjectUrl;assetPath;bucket;isFile;isZipArchive;sourceHash;assetHash;isBundled;constructor(scope,id,props){super(scope,id);try{jsiiDeprecationWarnings().aws_cdk_lib_aws_s3_assets_AssetProps(props)}catch(error){throw process.env.JSII_DEBUG!=="1"&&error.name==="DeprecationError"&&Error.captureStackTrace(error,Asset),error}if(!props.path)throw new(errors_1()).ValidationError("Asset path cannot be empty",this);this.isBundled=props.bundling!=null;const staging=new(cdk()).AssetStaging(this,"Stage",{...props,sourcePath:path().resolve(props.path),follow:props.followSymlinks??(0,compat_1().toSymlinkFollow)(props.follow),assetHash:props.assetHash??props.sourceHash});this.assetHash=staging.assetHash,this.sourceHash=this.assetHash;const stack=cdk().Stack.of(this);this.assetPath=staging.relativeStagedPath(stack),this.isFile=staging.packaging===cdk().FileAssetPackaging.FILE,this.isZipArchive=staging.isArchive;const location=stack.synthesizer.addFileAsset({packaging:staging.packaging,sourceHash:this.sourceHash,fileName:this.assetPath,deployTime:props.deployTime,displayName:props.displayName??cdk().Names.stackRelativeConstructPath(this)});this.s3BucketName=location.bucketName,this.s3ObjectKey=location.objectKey,this.s3ObjectUrl=location.s3ObjectUrl,this.httpUrl=location.httpUrl,this.s3Url=location.httpUrl;const kmsKey=location.kmsKeyArn?kms().Key.fromKeyArn(this,"Key",location.kmsKeyArn):void 0;this.bucket=s3().Bucket.fromBucketAttributes(this,"AssetBucket",{bucketName:this.s3BucketName,encryptionKey:kmsKey});for(const reader of props.readers??[])this.grantRead(reader)}addResourceMetadata(resource,resourceProperty){try{jsiiDeprecationWarnings().aws_cdk_lib_CfnResource(resource)}catch(error){throw process.env.JSII_DEBUG!=="1"&&error.name==="DeprecationError"&&Error.captureStackTrace(error,this.addResourceMetadata),error}this.node.tryGetContext(cxapi().ASSET_RESOURCE_METADATA_ENABLED_CONTEXT)&&(resource.cfnOptions.metadata=resource.cfnOptions.metadata||{},resource.cfnOptions.metadata[cxapi().ASSET_RESOURCE_METADATA_PATH_KEY]=this.assetPath,resource.cfnOptions.metadata[cxapi().ASSET_RESOURCE_METADATA_IS_BUNDLED_KEY]=this.isBundled,resource.cfnOptions.metadata[cxapi().ASSET_RESOURCE_METADATA_PROPERTY_KEY]=resourceProperty)}grantRead(grantee){try{jsiiDeprecationWarnings().aws_cdk_lib_aws_iam_IGrantable(grantee)}catch(error){throw process.env.JSII_DEBUG!=="1"&&error.name==="DeprecationError"&&Error.captureStackTrace(error,this.grantRead),error}this.bucket.grantRead(grantee)}}exports.Asset=Asset;
                                                                                                                                                                                                                                                                                                                                                                                                                                                                                                                                                                                                                                                                                                                                                                                                                                                                                                                                                                                                                                                                                                                                                                                                                                                                                                                                                                                                                                                                                                        ^
ValidationError: Cannot find asset at C:\Users\Lenovo IP3\projects\client\dist
    at path [viktorija-portfolio/AstroDeployment/Asset1/Stage] in aws-cdk-lib.AssetStaging

    at new Asset (C:\Users\Lenovo IP3\projects\ViktorijaKorlevska\backend\node_modules\aws-cdk-lib\aws-s3-assets\lib\asset.js:1:1449)
    at Object.bind (C:\Users\Lenovo IP3\projects\ViktorijaKorlevska\backend\node_modules\aws-cdk-lib\aws-s3-deployment\lib\source.js:1:1781)
    at C:\Users\Lenovo IP3\projects\ViktorijaKorlevska\backend\node_modules\aws-cdk-lib\aws-s3-deployment\lib\bucket-deployment.js:1:6680
    at Array.map (<anonymous>)
    at new BucketDeployment2 (C:\Users\Lenovo IP3\projects\ViktorijaKorlevska\backend\node_modules\aws-cdk-lib\aws-s3-deployment\lib\bucket-deployment.js:1:6661)
    at new BucketDeployment2 (C:\Users\Lenovo IP3\projects\ViktorijaKorlevska\backend\node_modules\aws-cdk-lib\core\lib\prop-injectable.js:1:681)
    at new ViktorijaPortfolioStack (C:\Users\Lenovo IP3\projects\ViktorijaKorlevska\backend\lib\stacks\portfolio-stack.ts:63:5)
    at Object.<anonymous> (C:\Users\Lenovo IP3\projects\ViktorijaKorlevska\backend\bin\backend.ts:6:1)
    at Module._compile (node:internal/modules/cjs/loader:1761:14)
    at Module.m._compile (C:\Users\Lenovo IP3\projects\ViktorijaKorlevska\backend\node_modules\ts-node\src\index.ts:1618:23)

NOTICES         (What's this? https://github.com/aws/aws-cdk/wiki/CLI-Notices)

34892	CDK CLI collects telemetry data on command usage starting at version 2.1100.0 (unless opted out)

	Overview: We do not collect customer content and we anonymize the
	          telemetry we do collect. See the attached issue for more
	          information on what data is collected, why, and how to
	          opt-out. Telemetry will NOT be collected for any CDK CLI
	          version prior to version 2.1100.0 - regardless of
	          opt-in/out. You can also view the telemetry we collect by
	          logging it to a local file, by adding
	          `--telemetry-file=my/local/file` to any `cdk` command.

	Affected versions: cli: ^2.1100.0

	More information at: https://github.com/aws/aws-cdk/issues/34892


If you don’t want to see a notice anymore, use "cdk acknowledge <id>". For example, "cdk acknowledge 34892".
npx ts-node --prefer-ts-exts bin/backend.ts: Subprocess exited with error 1
