
> backend@0.1.0 synth
> cdk synth

Resources:
  AstroBucketAC377521:
    Type: AWS::S3::Bucket
    Properties:
      BucketEncryption:
        ServerSideEncryptionConfiguration:
          - ServerSideEncryptionByDefault:
              SSEAlgorithm: AES256
      PublicAccessBlockConfiguration:
        BlockPublicAcls: true
        BlockPublicPolicy: true
        IgnorePublicAcls: true
        RestrictPublicBuckets: true
      Tags:
        - Key: aws-cdk:auto-delete-objects
          Value: "true"
    UpdateReplacePolicy: Delete
    DeletionPolicy: Delete
    Metadata:
      aws:cdk:path: viktorija-portfolio/AstroBucket/Resource
  AstroBucketPolicy2DF25F41:
    Type: AWS::S3::BucketPolicy
    Properties:
      Bucket:
        Ref: AstroBucketAC377521
      PolicyDocument:
        Statement:
          - Action:
              - s3:DeleteObject*
              - s3:GetBucket*
              - s3:List*
              - s3:PutBucketPolicy
            Effect: Allow
            Principal:
              AWS:
                Fn::GetAtt:
                  - CustomS3AutoDeleteObjectsCustomResourceProviderRole3B1BD092
                  - Arn
            Resource:
              - Fn::GetAtt:
                  - AstroBucketAC377521
                  - Arn
              - Fn::Join:
                  - ""
                  - - Fn::GetAtt:
                        - AstroBucketAC377521
                        - Arn
                    - /*
          - Action: s3:GetObject
            Condition:
              StringEquals:
                AWS:SourceArn:
                  Fn::Join:
                    - ""
                    - - "arn:"
                      - Ref: AWS::Partition
                      - ":cloudfront::"
                      - Ref: AWS::AccountId
                      - :distribution/
                      - Ref: AstroDistributionE75DA217
            Effect: Allow
            Principal:
              Service: cloudfront.amazonaws.com
            Resource:
              Fn::Join:
                - ""
                - - Fn::GetAtt:
                      - AstroBucketAC377521
                      - Arn
                  - /*
        Version: "2012-10-17"
    Metadata:
      aws:cdk:path: viktorija-portfolio/AstroBucket/Policy/Resource
  AstroBucketAutoDeleteObjectsCustomResource13E57368:
    Type: Custom::S3AutoDeleteObjects
    Properties:
      ServiceToken:
        Fn::GetAtt:
          - CustomS3AutoDeleteObjectsCustomResourceProviderHandler9D90184F
          - Arn
      BucketName:
        Ref: AstroBucketAC377521
    DependsOn:
      - AstroBucketPolicy2DF25F41
    UpdateReplacePolicy: Delete
    DeletionPolicy: Delete
    Metadata:
      aws:cdk:path: viktorija-portfolio/AstroBucket/AutoDeleteObjectsCustomResource/Default
  CustomS3AutoDeleteObjectsCustomResourceProviderRole3B1BD092:
    Type: AWS::IAM::Role
    Properties:
      AssumeRolePolicyDocument:
        Version: "2012-10-17"
        Statement:
          - Action: sts:AssumeRole
            Effect: Allow
            Principal:
              Service: lambda.amazonaws.com
      ManagedPolicyArns:
        - Fn::Sub: arn:${AWS::Partition}:iam::aws:policy/service-role/AWSLambdaBasicExecutionRole
    Metadata:
      aws:cdk:path: viktorija-portfolio/Custom::S3AutoDeleteObjectsCustomResourceProvider/Role
  CustomS3AutoDeleteObjectsCustomResourceProviderHandler9D90184F:
    Type: AWS::Lambda::Function
    Properties:
      Code:
        S3Bucket:
          Fn::Sub: cdk-hnb659fds-assets-${AWS::AccountId}-us-east-1
        S3Key: faa95a81ae7d7373f3e1f242268f904eb748d8d0fdd306e8a6fe515a1905a7d6.zip
      Timeout: 900
      MemorySize: 128
      Handler: index.handler
      Role:
        Fn::GetAtt:
          - CustomS3AutoDeleteObjectsCustomResourceProviderRole3B1BD092
          - Arn
      Runtime: nodejs22.x
      Description:
        Fn::Join:
          - ""
          - - "Lambda function for auto-deleting objects in "
            - Ref: AstroBucketAC377521
            - " S3 bucket."
    DependsOn:
      - CustomS3AutoDeleteObjectsCustomResourceProviderRole3B1BD092
    Metadata:
      aws:cdk:path: viktorija-portfolio/Custom::S3AutoDeleteObjectsCustomResourceProvider/Handler
      aws:asset:path: asset.faa95a81ae7d7373f3e1f242268f904eb748d8d0fdd306e8a6fe515a1905a7d6
      aws:asset:property: Code
  OriginRequestFunctionServiceRole25536864:
    Type: AWS::IAM::Role
    Properties:
      AssumeRolePolicyDocument:
        Statement:
          - Action: sts:AssumeRole
            Effect: Allow
            Principal:
              Service:
                - edgelambda.amazonaws.com
                - lambda.amazonaws.com
        Version: "2012-10-17"
      ManagedPolicyArns:
        - Fn::Join:
            - ""
            - - "arn:"
              - Ref: AWS::Partition
              - :iam::aws:policy/service-role/AWSLambdaBasicExecutionRole
    Metadata:
      aws:cdk:path: viktorija-portfolio/OriginRequestFunction/ServiceRole/Resource
  OriginRequestFunction4FA393CC:
    Type: AWS::Lambda::Function
    Properties:
      Architectures:
        - x86_64
      Code:
        S3Bucket:
          Fn::Sub: cdk-hnb659fds-assets-${AWS::AccountId}-us-east-1
        S3Key: b53df31e5395e5f7ba750c881b8b58f14db42beee0a3c3441dce4b232243b979.zip
      Handler: index.handler
      Role:
        Fn::GetAtt:
          - OriginRequestFunctionServiceRole25536864
          - Arn
      Runtime: nodejs24.x
    DependsOn:
      - OriginRequestFunctionServiceRole25536864
    Metadata:
      aws:cdk:path: viktorija-portfolio/OriginRequestFunction/Resource
      aws:asset:path: asset.b53df31e5395e5f7ba750c881b8b58f14db42beee0a3c3441dce4b232243b979
      aws:asset:is-bundled: false
      aws:asset:property: Code
  OriginRequestFunctionLogGroup6F5B9330:
    Type: AWS::Logs::LogGroup
    Properties:
      LogGroupName:
        Fn::Join:
          - ""
          - - /aws/lambda/
            - Ref: OriginRequestFunction4FA393CC
      RetentionInDays: 731
    UpdateReplacePolicy: Retain
    DeletionPolicy: Retain
    Metadata:
      aws:cdk:path: viktorija-portfolio/OriginRequestFunction/LogGroup/Resource
  OriginRequestFunctionCurrentVersionAA3D535Dfcbc5b41d0dbb6cd09635abacbcb1784:
    Type: AWS::Lambda::Version
    Properties:
      FunctionName:
        Ref: OriginRequestFunction4FA393CC
    Metadata:
      aws:cdk:path: viktorija-portfolio/OriginRequestFunction/CurrentVersion/Resource
      aws:cdk:do-not-refactor: true
  OriginResponseFunctionServiceRoleFF1DCFBB:
    Type: AWS::IAM::Role
    Properties:
      AssumeRolePolicyDocument:
        Statement:
          - Action: sts:AssumeRole
            Effect: Allow
            Principal:
              Service:
                - edgelambda.amazonaws.com
                - lambda.amazonaws.com
        Version: "2012-10-17"
      ManagedPolicyArns:
        - Fn::Join:
            - ""
            - - "arn:"
              - Ref: AWS::Partition
              - :iam::aws:policy/service-role/AWSLambdaBasicExecutionRole
    Metadata:
      aws:cdk:path: viktorija-portfolio/OriginResponseFunction/ServiceRole/Resource
  OriginResponseFunction386E0394:
    Type: AWS::Lambda::Function
    Properties:
      Architectures:
        - x86_64
      Code:
        S3Bucket:
          Fn::Sub: cdk-hnb659fds-assets-${AWS::AccountId}-us-east-1
        S3Key: 15468e56415e285c48cbd8fb4d9fd5973ef39cb70c5b4ab25426b90b72d37b4b.zip
      Handler: index.handler
      Role:
        Fn::GetAtt:
          - OriginResponseFunctionServiceRoleFF1DCFBB
          - Arn
      Runtime: nodejs24.x
    DependsOn:
      - OriginResponseFunctionServiceRoleFF1DCFBB
    Metadata:
      aws:cdk:path: viktorija-portfolio/OriginResponseFunction/Resource
      aws:asset:path: asset.15468e56415e285c48cbd8fb4d9fd5973ef39cb70c5b4ab25426b90b72d37b4b
      aws:asset:is-bundled: false
      aws:asset:property: Code
  OriginResponseFunctionLogGroup4B019EB0:
    Type: AWS::Logs::LogGroup
    Properties:
      LogGroupName:
        Fn::Join:
          - ""
          - - /aws/lambda/
            - Ref: OriginResponseFunction386E0394
      RetentionInDays: 731
    UpdateReplacePolicy: Retain
    DeletionPolicy: Retain
    Metadata:
      aws:cdk:path: viktorija-portfolio/OriginResponseFunction/LogGroup/Resource
  OriginResponseFunctionCurrentVersion8198EC220de13b244d28d5b9e1a83292f0eaa304:
    Type: AWS::Lambda::Version
    Properties:
      FunctionName:
        Ref: OriginResponseFunction386E0394
    Metadata:
      aws:cdk:path: viktorija-portfolio/OriginResponseFunction/CurrentVersion/Resource
      aws:cdk:do-not-refactor: true
  AstroDistributionOrigin1S3OriginAccessControl1D1F55BA:
    Type: AWS::CloudFront::OriginAccessControl
    Properties:
      OriginAccessControlConfig:
        Name: viktorijaportfolioAstroDistrOrigin1S3OriginAccessControlBE9E72EC
        OriginAccessControlOriginType: s3
        SigningBehavior: always
        SigningProtocol: sigv4
    Metadata:
      aws:cdk:path: viktorija-portfolio/AstroDistribution/Origin1/S3OriginAccessControl/Resource
  AstroDistributionE75DA217:
    Type: AWS::CloudFront::Distribution
    Properties:
      DistributionConfig:
        DefaultCacheBehavior:
          CachePolicyId: 658327ea-f89d-4fab-a63d-7e88639e58f6
          Compress: true
          LambdaFunctionAssociations:
            - EventType: origin-request
              LambdaFunctionARN:
                Ref: OriginRequestFunctionCurrentVersionAA3D535Dfcbc5b41d0dbb6cd09635abacbcb1784
            - EventType: origin-response
              LambdaFunctionARN:
                Ref: OriginResponseFunctionCurrentVersion8198EC220de13b244d28d5b9e1a83292f0eaa304
          TargetOriginId: viktorijaportfolioAstroDistributionOrigin14420ACA1
          ViewerProtocolPolicy: redirect-to-https
        DefaultRootObject: index.html
        Enabled: true
        HttpVersion: http2
        IPV6Enabled: true
        Origins:
          - DomainName:
              Fn::GetAtt:
                - AstroBucketAC377521
                - RegionalDomainName
            Id: viktorijaportfolioAstroDistributionOrigin14420ACA1
            OriginAccessControlId:
              Fn::GetAtt:
                - AstroDistributionOrigin1S3OriginAccessControl1D1F55BA
                - Id
            S3OriginConfig:
              OriginAccessIdentity: ""
    Metadata:
      aws:cdk:path: viktorija-portfolio/AstroDistribution/Resource
  CDKMetadata:
    Type: AWS::CDK::Metadata
    Properties:
      Analytics: v2:deflate64:H4sIAAAAAAAA/71TTW/bMAz9LdWxULSuGTAgN6fZeunaIBl2CYpCkRlHiSx6FJUiMPzfB8l2231chgE7SSL5xEc+8lpdTz+qqwv9HCamPE6c3ap2zdocpX4OT22YqnYezRF404qtQ3Ncxq2zpjAGQhAzcSmkAG/o3LBFL2ZiPX36UtwXt58WQgqCGk/aLdFZcxYzUUJgwrOQQkfGBThgeNgewHAQM6YI3aO82fk+o+yPHpzS52fO+Tas9w/Bcx2gk07X21Kr9nP0JtHatIKiZ1vDwHivfemAhpfBcnRoMnvLYDhSb+rkP2Azy5GE/AYUejI9v5f/3z4zZIjspNW1alfoYNMKHUKsoZyfxawVDVlvbKNdYQxGzyOFHJMAhRn0SClErb2uoMytshDEbNP+ZDsXNMQ+JkL/K1UuNn3RyTB90iEAB1WkQzqsgmrvsLoljE3q2XC91/WrMr8b85cjrJPGYSx3hJ5Vu7CByW7jMBEl7HR0PIe9PlmkVCqSrax/UbZuKA95GkwpThaegZaEjAZfR5qgtASGJ4yTPXMT0kKUFdxlUfv6d8MIDLqOa3MCz1/PTWLeZ54QfI8QONf2F6DQoA+QxRvLWiFyv1ljX9bThxzfr+4NeiZ0G3Epcsv+4Evmtz3rOnkTA2O9goCRDLyAR8Mv/iXhyZZAaSlllnXNurK+ygkjN5E76bEEdQjvTtcf1Pupuro4BGsnw8qpVX/+ABK8tECnBAAA
    Metadata:
      aws:cdk:path: viktorija-portfolio/CDKMetadata/Default
Outputs:
  BucketName:
    Description: The S3 Bucket Name for static assets
    Value:
      Ref: AstroBucketAC377521
  DistributionId:
    Description: The CloudFront Distribution ID for invalidation
    Value:
      Ref: AstroDistributionE75DA217
  DistributionDomainName:
    Description: The CloudFront Distribution Domain Name
    Value:
      Fn::Join:
        - ""
        - - https://
          - Fn::GetAtt:
              - AstroDistributionE75DA217
              - DomainName
Parameters:
  BootstrapVersion:
    Type: AWS::SSM::Parameter::Value<String>
    Default: /cdk-bootstrap/hnb659fds/version
    Description: Version of the CDK Bootstrap resources in this environment, automatically retrieved from SSM Parameter Store. [cdk:skip]

1 feature flags are not configured. Run 'cdk flags --unstable=flags' to learn more.

NOTICES         (What's this? https://github.com/aws/aws-cdk/wiki/CLI-Notices)

34892	CDK CLI collects telemetry data on command usage starting at version 2.1100.0 (unless opted out)

	Overview: We do not collect customer content and we anonymize the
	          telemetry we do collect. See the attached issue for more
	          information on what data is collected, why, and how to
	          opt-out. Telemetry will NOT be collected for any CDK CLI
	          version prior to version 2.1100.0 - regardless of
	          opt-in/out. You can also view the telemetry we collect by
	          logging it to a local file, by adding
	          `--telemetry-file=my/local/file` to any `cdk` command.

	Affected versions: cli: ^2.1100.0

	More information at: https://github.com/aws/aws-cdk/issues/34892


If you don’t want to see a notice anymore, use "cdk acknowledge <id>". For example, "cdk acknowledge 34892".
